[backblue.gif]
[fade.gif]
[index.html]
[localhost/QB2/wp-content/uploads/2026/09/FB_IMG_1789734564692.jpg]
[localhost/QB2/feed/index.html]
[localhost/QB2/wp-json/oembed/1.0/embed03bc.json]
[localhost/QB2/comments/feed/index.html]
[localhost/QB2/wp-json/oembed/1.0/embed5ae1]
[localhost/QB2/wp-content/uploads/2021/05/bg-02-free-img.png]
[localhost/QB2/wp-content/uploads/2021/05/bg-04-free-img.jpg]
[localhost/QB2/wp-json/index.html]
[localhost/QB2/wp-json/wp/v2/pages/1301.json]
[localhost/QB2/xmlrpc0db0.php]
[localhost/QB2/wp-content/uploads/2026/09/yarob.png]
[localhost/QB2/index.html]
[localhost/QB2/wp-content/themes/astra/assets/css/minified/main.min-rtl840b.css]
[localhost/QB2/wp-content/plugins/header-footer-elementor/inc/widgets-css/frontendf0c3.css]
[localhost/QB2/wp-content/plugins/header-footer-elementor/assets/css/header-footer-elementorf0c3.css]
[localhost/QB2/wp-content/plugins/elementor/assets/css/frontend.min4189.css]
[localhost/QB2/wp-content/plugins/elementor/assets/css/widget-heading-rtl.min4189.css]
[localhost/QB2/wp-content/plugins/elementor/assets/css/widget-divider-rtl.min4189.css]
[localhost/QB2/wp-content/plugins/elementor/assets/css/widget-icon-list-rtl.min4189.css]
[localhost/QB2/wp-content/plugins/elementor/assets/css/widget-image-rtl.min4189.css]
[localhost/QB2/wp-content/plugins/elementor/assets/lib/animations/styles/e-animation-float.min4189.css]
[localhost/QB2/wp-content/plugins/elementor/assets/css/widget-icon-box-rtl.min4189.css]
[localhost/QB2/wp-content/plugins/elementor/assets/css/widget-progress-rtl.min4189.css]
[localhost/QB2/wp-content/plugins/elementor/assets/css/widget-image-box-rtl.min4189.css]
[localhost/QB2/wp-content/plugins/surecookie/assets/font/Figtree/Figtree-Light.woff2]
[localhost/QB2/wp-content/plugins/surecookie/assets/font/Figtree/Figtree-Regular.woff2]
[localhost/QB2/wp-content/plugins/surecookie/assets/font/Figtree/Figtree-Medium.woff2]
[localhost/QB2/wp-content/plugins/surecookie/assets/font/Figtree/Figtree-SemiBold.woff2]
[localhost/QB2/wp-content/plugins/surecookie/assets/font/Figtree/Figtree-Bold.woff2]
[localhost/QB2/wp-content/plugins/surecookie/assets/font/Figtree/Figtree-ExtraBold.woff2]
[localhost/QB2/wp-content/plugins/surecookie/assets/font/Figtree/Figtree-Black.woff2]
[localhost/QB2/wp-content/plugins/surecookie/assets/css/style-rtl91ce.css]
[localhost/QB2/wp-content/plugins/elementor/assets/lib/eicons/fonts/eiconsa9b1.eot]
[localhost/QB2/wp-content/plugins/elementor/assets/lib/eicons/fonts/eiconsa9b1.woff2]
[localhost/QB2/wp-content/plugins/elementor/assets/lib/eicons/fonts/eiconsa9b1.woff]
[localhost/QB2/wp-content/plugins/elementor/assets/lib/eicons/fonts/eiconsa9b1.ttf]
[localhost/QB2/wp-content/plugins/elementor/assets/lib/eicons/css/elementor-icons.min705c.css]
[localhost/QB2/wp-content/plugins/elementor/assets/css/widget-icon-list.min44b4.css]
[localhost/QB2/wp-content/plugins/elementor/assets/css/widget-social-icons.min2401.css]
[localhost/QB2/wp-content/plugins/elementor/assets/lib/font-awesome/webfonts/fa-brands-400.eot]
[localhost/QB2/wp-content/plugins/elementor/assets/lib/font-awesome/webfonts/fa-brands-400.woff2]
[localhost/QB2/wp-content/plugins/elementor/assets/lib/font-awesome/webfonts/fa-brands-400.woff]
[localhost/QB2/wp-content/plugins/elementor/assets/lib/font-awesome/webfonts/fa-brands-400d41d.eot]
[localhost/QB2/wp-content/plugins/elementor/assets/lib/font-awesome/webfonts/fa-brands-400.ttf]
[localhost/QB2/wp-content/plugins/elementor/assets/lib/font-awesome/css/brands52d5.css]
[localhost/QB2/wp-content/plugins/elementor/assets/lib/font-awesome/css/fontawesome52d5.css]
[localhost/QB2/wp-content/plugins/elementor/assets/lib/font-awesome/webfonts/fa-solid-900.eot]
[localhost/QB2/wp-content/plugins/elementor/assets/lib/font-awesome/webfonts/fa-solid-900.woff2]
[localhost/QB2/wp-content/plugins/elementor/assets/lib/font-awesome/webfonts/fa-solid-900.woff]
[localhost/QB2/wp-content/plugins/elementor/assets/lib/font-awesome/webfonts/fa-solid-900d41d.eot]
[localhost/QB2/wp-content/plugins/elementor/assets/lib/font-awesome/webfonts/fa-solid-900.ttf]
[localhost/QB2/wp-content/plugins/elementor/assets/lib/font-awesome/css/solid52d5.css]
[localhost/QB2/wp-includes/js/jquery/jquery.minf43b.js]
[localhost/QB2/wp-includes/js/jquery/jquery-migrate.min5589.js]
[localhost/QB2/wp-json/oembed/1.0/embed5576.json]
[localhost/QB2/wp-json/oembed/1.0/embed4f9a]
[localhost/QB2/wp-json/wp/v2/pages/1303.json]
[localhost/QB2/about/index.html]
[localhost/QB2/wp-content/uploads/2026/09/bg-06-free-img.jpg]
[localhost/QB2/wp-json/oembed/1.0/embed8dc3.json]
[localhost/QB2/wp-json/oembed/1.0/embed7a6b]
[localhost/QB2/wp-json/wp/v2/pages/1304.json]
[localhost/QB2/services/index.html]
[localhost/QB2/wp-content/uploads/2021/05/bg-05-free-img.jpg]
[localhost/QB2/wp-json/oembed/1.0/embeded43.json]
[localhost/QB2/wp-json/oembed/1.0/embed038c]
[localhost/QB2/wp-json/wp/v2/pages/1310.json]
[localhost/QB2/wp-content/uploads/2026/09/1.png]
[localhost/QB2/wp-content/uploads/2026/09/2.png]
[localhost/QB2/wp-content/uploads/2026/09/3.png]
[localhost/QB2/wp-content/uploads/2026/09/4.png]
[localhost/QB2/portfolio/index.html]
[localhost/QB2/wp-json/oembed/1.0/embed38c6.json]
[localhost/QB2/wp-json/oembed/1.0/embed83b7]
[localhost/QB2/wp-json/wp/v2/pages/1311.json]
[localhost/QB2/contact/index.html]
[localhost/QB2/wp-content/themes/astra/assets/js/minified/frontend.min840b.js]
[localhost/QB2/wp-includes/js/dist/dom-ready.min0db1.js]
[localhost/QB2/wp-content/plugins/astra-sites/inc/lib/onboarding/assets/dist/template-preview/main7ece.js]
[localhost/QB2/wp-content/plugins/elementor/assets/js/webpack.runtime.min4189.js]
[localhost/QB2/wp-content/plugins/elementor/assets/js/frontend-modules.min4189.js]
[localhost/QB2/wp-includes/js/jquery/ui/core.min0a10.js]
[localhost/QB2/wp-content/plugins/elementor/assets/js/frontend.min4189.js]
[localhost/QB2/wp-includes/js/dist/vendor/react.mine1ab.js]
[localhost/QB2/wp-includes/js/dist/vendor/react-jsx-runtime.mincb06.js]
[localhost/QB2/wp-includes/js/dist/vendor/react-dom.mine1ab.js]
[localhost/QB2/wp-includes/js/dist/escape-html.min5056.js]
[localhost/QB2/wp-includes/js/dist/element.mincc2e.js]
[localhost/QB2/wp-includes/js/dist/hooks.min4ce2.js]
[localhost/QB2/wp-includes/js/dist/i18n.min99af.js]
[localhost/QB2/wp-content/plugins/surecookie/build/publicf466.js]
[localhost/QB2/wp-content/plugins/elementor/assets/lib/eicons/fonts/eiconsa9b1.svg]
[localhost/QB2/wp-content/plugins/elementor/assets/lib/font-awesome/webfonts/fa-brands-400.svg]
[localhost/QB2/wp-content/plugins/elementor/assets/lib/font-awesome/webfonts/fa-solid-900.svg]
[localhost/QB2/index7a78.html]
[localhost/QB2/indexcb01.html]
[localhost/QB2/wp-content/plugins/elementor/assets/lib/swiper/v8/css/swiper.min94a4.css]
[localhost/QB2/wp-content/plugins/elementor/assets/css/conditionals/e-swiper.min4189.css]
[localhost/QB2/wp-content/plugins/elementor/assets/css/widget-image-gallery-rtl.min4189.css]
[localhost/QB2/index62d8.html]
[localhost/QB2/wp-content/themes/astra/assets/css/minified/galleries.min840b.css]
[localhost/QB2/wp-content/plugins/elementor/assets/lib/swiper/v8/swiper.min94a4.js]
[localhost/QB2/wp-content/plugins/sureforms/assets/css/minified/blocks/default/frontend.min-rtleca4.css]
[localhost/QB2/wp-content/plugins/sureforms/assets/css/minified/common.min-rtleca4.css]
[localhost/QB2/wp-content/plugins/sureforms/assets/css/minified/frontend/form.min-rtleca4.css]
[localhost/QB2/wp-content/plugins/sureforms/assets/css/minified/deps/tom-selecteca4.css]
[localhost/QB2/wp-content/plugins/sureforms/assets/css/minified/deps/intl/img/flags.webp]
[localhost/QB2/wp-content/plugins/sureforms/assets/css/minified/deps/intl/img/flags@2x.webp]
[localhost/QB2/wp-content/plugins/sureforms/assets/css/minified/deps/intl/img/globe.webp]
[localhost/QB2/wp-content/plugins/sureforms/assets/css/minified/deps/intl/img/globe@2x.webp]
[localhost/QB2/wp-content/plugins/sureforms/assets/css/minified/deps/intl/intlTelInput.mineca4.css]
[localhost/QB2/index05c7.html]
[localhost/QB2/wp-admin/admin-ajax.html]
[localhost/QB2/wp-content/plugins/sureforms/assets/build/formSubmiteca4.js]
[localhost/QB2/wp-content/plugins/sureforms/assets/js/minified/frontend.mineca4.js]
[localhost/QB2/wp-content/plugins/sureforms/assets/js/minified/blocks/input.mineca4.js]
[localhost/QB2/portfolio/l.html]
